2026-01-05 14:18:36,693 WARNING py.warnings /Users/paulheyse/CodeIntel/CodeIntel/.venv/lib/python3.13/site-packages/hamilton/graph_types.py:73: DeprecationWarning: ast.Str is deprecated and will be removed in Python 3.14; use ast.Constant instead
  if not hasattr(n.body[0], "value") or not isinstance(n.body[0].value, ast.Str):

2026-01-05 14:18:38,178 WARNING py.warnings /Users/paulheyse/CodeIntel/CodeIntel/.venv/lib/python3.13/site-packages/hamilton/io/utils.py:51: DeprecationWarning: datetime.datetime.utcnow() is deprecated and scheduled for removal in a future version. Use timezone-aware objects to represent datetimes in UTC: datetime.datetime.now(datetime.UTC).
  timestamp = datetime.now().utcnow().timestamp()

2026-01-05 14:18:43,940 WARNING codeintel.build.hamilton.native.ingestion.ingest_targets Config parse warning: Failed to parse config/mkdocs.yml
2026-01-05 14:18:43,940 WARNING codeintel.build.hamilton.native.ingestion.ingest_targets Config parse warning: Failed to parse .uv/cache/archive-v0/PF3PuIZ-jYDxEBRpjMkbi/markdown_it/port.yaml
2026-01-05 14:18:43,940 WARNING codeintel.build.hamilton.native.ingestion.ingest_targets Config parse warning: Failed to parse .uv/cache/archive-v0/u1TPF7g7VU5DysH2bCbj7/pycparser/_c_ast.cfg
2026-01-05 14:18:43,974 WARNING codeintel.build.graphs.engine.datasets Dataset snapshot missing for core.modules@5d157e1218f69300bee685ba487402d9afd12670
2026-01-05 14:18:43,974 WARNING codeintel.build.graphs.engine.datasets Dataset snapshot missing for core.goids@5d157e1218f69300bee685ba487402d9afd12670
2026-01-05 14:18:43,974 WARNING codeintel.build.graphs.engine.datasets Dataset snapshot missing for core.goids@5d157e1218f69300bee685ba487402d9afd12670
2026-01-05 14:18:43,975 WARNING codeintel.build.graphs.engine.datasets Dataset snapshot missing for core.goids@5d157e1218f69300bee685ba487402d9afd12670
2026-01-05 14:18:43,975 WARNING codeintel.build.graphs.engine.datasets Dataset snapshot missing for core.goids@5d157e1218f69300bee685ba487402d9afd12670
2026-01-05 14:18:43,975 WARNING codeintel.build.graphs.engine.datasets Dataset snapshot missing for graph.call_graph_nodes@5d157e1218f69300bee685ba487402d9afd12670
2026-01-05 14:18:43,975 WARNING codeintel.build.graphs.engine.datasets Dataset snapshot missing for graph.call_graph_edges@5d157e1218f69300bee685ba487402d9afd12670
2026-01-05 14:18:43,975 WARNING codeintel.build.graphs.engine.datasets Dataset snapshot missing for core.goids@5d157e1218f69300bee685ba487402d9afd12670
2026-01-05 14:18:43,975 WARNING codeintel.build.graphs.engine.datasets Dataset snapshot missing for core.modules@5d157e1218f69300bee685ba487402d9afd12670
2026-01-05 14:18:43,976 WARNING codeintel.build.graphs.validation.runner Skipping graph validation check missing_function_goids; missing Parquet tables: core.ast_nodes, core.goids
2026-01-05 14:18:43,976 WARNING codeintel.build.graphs.validation.runner Skipping graph validation check callsite_span_mismatch; missing Parquet tables: graph.call_graph_edges
2026-01-05 14:18:43,976 WARNING codeintel.build.graphs.validation.runner Skipping graph validation check orphan_modules; missing Parquet tables: core.modules, core.goids
2026-01-05 14:18:43,976 WARNING codeintel.build.graphs.engine.datasets Dataset snapshot missing for core.py_sym_bindings@5d157e1218f69300bee685ba487402d9afd12670
2026-01-05 14:18:43,976 WARNING codeintel.build.graphs.engine.datasets Dataset snapshot missing for core.py_sym_resolution_edges@5d157e1218f69300bee685ba487402d9afd12670
2026-01-05 14:18:43,976 WARNING codeintel.build.graphs.engine.datasets Dataset snapshot missing for core.py_sym_scopes@5d157e1218f69300bee685ba487402d9afd12670
2026-01-05 14:18:43,976 WARNING codeintel.build.graphs.engine.datasets Dataset snapshot missing for core.py_sym_function_partitions@5d157e1218f69300bee685ba487402d9afd12670
2026-01-05 14:18:43,976 WARNING codeintel.build.graphs.engine.datasets Dataset snapshot missing for core.py_bc_code_units@5d157e1218f69300bee685ba487402d9afd12670
2026-01-05 14:18:43,976 WARNING codeintel.build.graphs.engine.datasets Dataset snapshot missing for core.py_bc_cfg_edges@5d157e1218f69300bee685ba487402d9afd12670
2026-01-05 14:18:43,976 WARNING codeintel.build.graphs.engine.datasets Dataset snapshot missing for core.py_bc_blocks@5d157e1218f69300bee685ba487402d9afd12670
2026-01-05 14:18:43,977 WARNING codeintel.build.graphs.engine.datasets Dataset snapshot missing for graph.cpg_edges@5d157e1218f69300bee685ba487402d9afd12670
2026-01-05 14:18:43,977 WARNING codeintel.build.graphs.engine.datasets Dataset snapshot missing for core.py_bc_defuse_events@5d157e1218f69300bee685ba487402d9afd12670
2026-01-05 14:18:43,977 WARNING codeintel.build.graphs.engine.datasets Dataset snapshot missing for graph.cpg_edges@5d157e1218f69300bee685ba487402d9afd12670
2026-01-05 14:18:43,977 WARNING codeintel.build.graphs.engine.datasets Dataset snapshot missing for core.py_bc_defuse_events@5d157e1218f69300bee685ba487402d9afd12670
2026-01-05 14:18:43,977 WARNING codeintel.build.graphs.engine.datasets Dataset snapshot missing for graph.cpg_edges@5d157e1218f69300bee685ba487402d9afd12670
2026-01-05 14:18:43,977 WARNING codeintel.build.graphs.engine.datasets Dataset snapshot missing for core.py_bc_defuse_events@5d157e1218f69300bee685ba487402d9afd12670
2026-01-05 14:18:43,977 WARNING codeintel.build.graphs.engine.datasets Dataset snapshot missing for graph.cpg_edges@5d157e1218f69300bee685ba487402d9afd12670
2026-01-05 14:18:43,977 WARNING codeintel.build.graphs.validation.runner Validation table missing: graph.call_graph_edges
2026-01-05 14:18:43,977 WARNING codeintel.build.graphs.validation.runner Validation table missing: graph.import_graph_edges
2026-01-05 14:18:43,977 WARNING codeintel.build.graphs.validation.runner Validation table missing: graph.symbol_use_edges
2026-01-05 14:18:43,977 WARNING codeintel.build.graphs.validation.runner Validation table missing: core.modules
2026-01-05 14:18:43,977 WARNING codeintel.build.graphs.validation.runner Skipping graph validation check symbol_communities; missing Parquet tables: analytics.symbol_graph_metrics_modules
2026-01-05 14:18:43,977 WARNING codeintel.build.graphs.validation.runner Skipping graph validation check subsystem_disagreement; missing Parquet tables: analytics.subsystem_agreement
2026-01-05 14:18:44,406 WARNING codeintel.build.hamilton.native.ingestion.ingest_targets Falling back to filesystem module scan after empty storage query.
