2026-01-05 14:36:58,820 WARNING py.warnings /Users/paulheyse/CodeIntel/CodeIntel/.venv/lib/python3.13/site-packages/hamilton/graph_types.py:73: DeprecationWarning: ast.Str is deprecated and will be removed in Python 3.14; use ast.Constant instead
  if not hasattr(n.body[0], "value") or not isinstance(n.body[0].value, ast.Str):

2026-01-05 14:37:00,232 WARNING py.warnings /Users/paulheyse/CodeIntel/CodeIntel/.venv/lib/python3.13/site-packages/hamilton/io/utils.py:51: DeprecationWarning: datetime.datetime.utcnow() is deprecated and scheduled for removal in a future version. Use timezone-aware objects to represent datetimes in UTC: datetime.datetime.now(datetime.UTC).
  timestamp = datetime.now().utcnow().timestamp()

2026-01-05 14:37:05,754 WARNING codeintel.build.hamilton.native.ingestion.ingest_targets Config parse warning: Failed to parse config/mkdocs.yml
2026-01-05 14:37:05,754 WARNING codeintel.build.hamilton.native.ingestion.ingest_targets Config parse warning: Failed to parse .uv/cache/archive-v0/PF3PuIZ-jYDxEBRpjMkbi/markdown_it/port.yaml
2026-01-05 14:37:05,754 WARNING codeintel.build.hamilton.native.ingestion.ingest_targets Config parse warning: Failed to parse .uv/cache/archive-v0/u1TPF7g7VU5DysH2bCbj7/pycparser/_c_ast.cfg
2026-01-05 14:37:05,799 WARNING codeintel.build.graphs.engine.datasets Dataset snapshot missing for core.goids@5d157e1218f69300bee685ba487402d9afd12670
2026-01-05 14:37:05,799 WARNING codeintel.build.graphs.engine.datasets Dataset snapshot missing for core.goids@5d157e1218f69300bee685ba487402d9afd12670
2026-01-05 14:37:05,799 WARNING codeintel.build.graphs.engine.datasets Dataset snapshot missing for core.goids@5d157e1218f69300bee685ba487402d9afd12670
2026-01-05 14:37:05,799 WARNING codeintel.build.graphs.engine.datasets Dataset snapshot missing for core.goids@5d157e1218f69300bee685ba487402d9afd12670
2026-01-05 14:37:05,810 WARNING codeintel.build.graphs.engine.datasets Dataset snapshot missing for core.goids@5d157e1218f69300bee685ba487402d9afd12670
2026-01-05 14:37:05,811 WARNING codeintel.build.graphs.engine.datasets Dataset columns missing: repo, commit (table=module: string
path: string
language: dictionary<values=string, indices=int32, ordered=0>
tags: list<element: string>
  child 0, element: string
owners: list<element: string>
  child 0, element: string
row_hash: string
-- schema metadata --
codeintel.table_key: 'core.modules'
codeintel.domain: 'core'
codeintel.target: 'modules'
codeintel.schema_hash: '0592124aeac8a9f7e6394bb6d3ca93f11825577c60a16674d' + 15
codeintel.schema_digest: '7184be2a17869a97c64312df2655ff9d4fe50f806c3fa43' + 17
codeintel.settings_fingerprint: 'd084197d240ab41f2f8aaf3f4fba09c61eddb74e' + 24
codeintel.columns_json: '{"commit":"VARCHAR","language":"VARCHAR","module' + 115
codeintel.nullability_json: '{"commit":true,"language":true,"module":fals' + 69
codeintel.primary_keys_json: '["module","path"]'
codeintel.partition_columns_json: '["repo","commit"]'
codeintel.build_id: 'full-019b8f9b23e87c2a8672591dedf59ba7'
codeintel.repo: 'github.com/paul-heyse/CodeIntel'
codeintel.commit: '5d157e1218f69300bee685ba487402d9afd12670'
codeintel.snapshot_id: '5d157e1218f69300bee685ba487402d9afd12670'
codeintel.generated_at: '2026-01-05T19:21:15.372163+00:00'
codeintel.hamilton.node: 'm__core__modules'
codeintel.hamilton.graph_version: '1'
codeintel.inputs_json: '[{"schema_hash":"a9f3e2aa045eeea7e23361593e0b0a1d' + 286)
2026-01-05 14:37:05,811 WARNING codeintel.build.graphs.validation.runner Skipping graph validation check missing_function_goids; missing Parquet tables: core.goids
2026-01-05 14:37:05,811 WARNING codeintel.build.graphs.validation.runner Skipping graph validation check orphan_modules; missing Parquet tables: core.goids
2026-01-05 14:37:05,811 WARNING codeintel.build.graphs.engine.datasets Dataset snapshot missing for core.py_sym_bindings@5d157e1218f69300bee685ba487402d9afd12670
2026-01-05 14:37:05,812 WARNING codeintel.build.graphs.engine.datasets Dataset snapshot missing for core.py_sym_resolution_edges@5d157e1218f69300bee685ba487402d9afd12670
2026-01-05 14:37:05,812 WARNING codeintel.build.graphs.engine.datasets Dataset snapshot missing for core.py_sym_scopes@5d157e1218f69300bee685ba487402d9afd12670
2026-01-05 14:37:05,812 WARNING codeintel.build.graphs.engine.datasets Dataset snapshot missing for core.py_sym_function_partitions@5d157e1218f69300bee685ba487402d9afd12670
2026-01-05 14:37:05,823 WARNING codeintel.build.graphs.engine.datasets Dataset snapshot missing for graph.cpg_edges@5d157e1218f69300bee685ba487402d9afd12670
2026-01-05 14:37:05,825 WARNING codeintel.build.graphs.engine.datasets Dataset snapshot missing for graph.cpg_edges@5d157e1218f69300bee685ba487402d9afd12670
2026-01-05 14:37:05,827 WARNING codeintel.build.graphs.engine.datasets Dataset snapshot missing for graph.cpg_edges@5d157e1218f69300bee685ba487402d9afd12670
2026-01-05 14:37:05,829 WARNING codeintel.build.graphs.engine.datasets Dataset snapshot missing for graph.cpg_edges@5d157e1218f69300bee685ba487402d9afd12670
2026-01-05 14:37:05,863 WARNING codeintel.build.graphs.validation.runner Validation: 2355 isolated call graph node(s) (sample: 76935300425951208411865076377535358723, 69722328039937581501444023647181518508, 31329399258832702901416545524918009601, 83248642151324825101548805404843574049, 55389276896218518455105629358704558543)
2026-01-05 14:37:05,868 WARNING codeintel.build.graphs.validation.runner Validation: 5 recursive call cluster(s) detected (largest size 31)
2026-01-05 14:37:05,871 WARNING codeintel.build.graphs.validation.runner Validation table missing: graph.import_graph_edges
2026-01-05 14:37:05,871 WARNING codeintel.build.graphs.validation.runner Validation table missing: graph.symbol_use_edges
2026-01-05 14:37:05,873 WARNING codeintel.build.graphs.engine.datasets Dataset columns missing: repo, commit (table=module: string
path: string
language: dictionary<values=string, indices=int32, ordered=0>
tags: list<element: string>
  child 0, element: string
owners: list<element: string>
  child 0, element: string
row_hash: string
-- schema metadata --
codeintel.table_key: 'core.modules'
codeintel.domain: 'core'
codeintel.target: 'modules'
codeintel.schema_hash: '0592124aeac8a9f7e6394bb6d3ca93f11825577c60a16674d' + 15
codeintel.schema_digest: '7184be2a17869a97c64312df2655ff9d4fe50f806c3fa43' + 17
codeintel.settings_fingerprint: 'd084197d240ab41f2f8aaf3f4fba09c61eddb74e' + 24
codeintel.columns_json: '{"commit":"VARCHAR","language":"VARCHAR","module' + 115
codeintel.nullability_json: '{"commit":true,"language":true,"module":fals' + 69
codeintel.primary_keys_json: '["module","path"]'
codeintel.partition_columns_json: '["repo","commit"]'
codeintel.build_id: 'full-019b8f9b23e87c2a8672591dedf59ba7'
codeintel.repo: 'github.com/paul-heyse/CodeIntel'
codeintel.commit: '5d157e1218f69300bee685ba487402d9afd12670'
codeintel.snapshot_id: '5d157e1218f69300bee685ba487402d9afd12670'
codeintel.generated_at: '2026-01-05T19:21:15.372163+00:00'
codeintel.hamilton.node: 'm__core__modules'
codeintel.hamilton.graph_version: '1'
codeintel.inputs_json: '[{"schema_hash":"a9f3e2aa045eeea7e23361593e0b0a1d' + 286)
2026-01-05 14:37:05,873 WARNING codeintel.build.graphs.validation.runner Skipping graph validation check symbol_communities; missing Parquet tables: analytics.symbol_graph_metrics_modules
2026-01-05 14:37:05,873 WARNING codeintel.build.graphs.validation.runner Skipping graph validation check subsystem_disagreement; missing Parquet tables: analytics.subsystem_agreement
2026-01-05 14:37:06,341 WARNING codeintel.build.hamilton.native.ingestion.ingest_targets Falling back to filesystem module scan after empty storage query.
2026-01-05 14:47:40,892 ERROR hamilton.execution.graph_functions 
********************************************************************************
> cfg_function_metrics__base [codeintel.build.hamilton.native.analytics.cfg_dfg_metrics.cfg_function_metrics__base()] encountered an error<
> Node inputs:
{'cfg_dfg_metrics_analysis': '_CfgDfgMetricsAnalysis(cfg=CfgMetricsResult(fn_row...'}
********************************************************************************
Traceback (most recent call last):
  File "pyarrow/table.pxi", line 6406, in pyarrow.lib._from_pydict
KeyError: 'cfg_bc_eigenvector_max'

During handling of the above exception, another exception occurred:

Traceback (most recent call last):
  File "pyarrow/table.pxi", line 6409, in pyarrow.lib._from_pydict
KeyError: b'cfg_bc_eigenvector_max'

During handling of the above exception, another exception occurred:

Traceback (most recent call last):
  File "/Users/paulheyse/CodeIntel/CodeIntel/.venv/lib/python3.13/site-packages/hamilton/execution/graph_functions.py", line 311, in execute_lifecycle_for_node
    result = __adapter.call_lifecycle_method_sync(
        "do_node_execute",
    ...<3 lines>...
        task_id=__task_id,
    )
  File "/Users/paulheyse/CodeIntel/CodeIntel/.venv/lib/python3.13/site-packages/hamilton/lifecycle/base.py", line 1079, in call_lifecycle_method_sync
    return getattr(adapter, method_name)(**kwargs)
           ~~~~~~~~~~~~~~~~~~~~~~~~~~~~~^^^^^^^^^^
  File "/Users/paulheyse/CodeIntel/CodeIntel/src/codeintel/build/hamilton/cache_adapter.py", line 302, in do_node_execute
    result = super().do_node_execute(
        run_id=run_id,
    ...<3 lines>...
        **future_kwargs,
    )
  File "/Users/paulheyse/CodeIntel/CodeIntel/.venv/lib/python3.13/site-packages/hamilton/caching/adapter.py", line 1275, in do_node_execute
    result = self._execute_node(
        run_id=run_id,
    ...<3 lines>...
        task_id=task_id,
    )
  File "/Users/paulheyse/CodeIntel/CodeIntel/.venv/lib/python3.13/site-packages/hamilton/caching/adapter.py", line 846, in _execute_node
    result = node_callable(**node_kwargs)
  File "/Users/paulheyse/CodeIntel/CodeIntel/src/codeintel/build/hamilton/native/analytics/cfg_dfg_metrics.py", line 408, in cfg_function_metrics__base
    return _rows_to_reader(
        cfg_dfg_metrics_analysis.cfg.fn_rows,
        CFG_FUNCTION_METRICS_TABLE_KEY,
    )
  File "/Users/paulheyse/CodeIntel/CodeIntel/src/codeintel/build/hamilton/native/analytics/cfg_dfg_metrics.py", line 140, in _rows_to_reader
    reader, _ = table_for_rows(table_key, rows)
                ~~~~~~~~~~~~~~^^^^^^^^^^^^^^^^^
  File "/Users/paulheyse/CodeIntel/CodeIntel/src/codeintel/core/columnar/rows.py", line 227, in table_for_rows
    return collector.to_table(), collector.row_count
           ~~~~~~~~~~~~~~~~~~^^
  File "/Users/paulheyse/CodeIntel/CodeIntel/src/codeintel/core/columnar/rows.py", line 107, in to_table
    self._flush()
    ~~~~~~~~~~~^^
  File "/Users/paulheyse/CodeIntel/CodeIntel/src/codeintel/core/columnar/rows.py", line 126, in _flush
    batch = pa.RecordBatch.from_pydict(self._buffer.data, schema=self.arrow_schema)
  File "pyarrow/table.pxi", line 1985, in pyarrow.lib._Tabular.from_pydict
  File "pyarrow/table.pxi", line 6413, in pyarrow.lib._from_pydict
KeyError: "The passed mapping doesn't contain the following field(s) of the schema: cfg_bc_eigenvector_max"
2026-01-05 14:47:40,898 ERROR codeintel.build.hamilton.hooks.telemetry_hook build.node.error run_id=hamilton-019b8fa9a45c75f5aeeb457773178101 node_name=cfg_function_metrics__base target=None table_key=None exception_type=KeyError error="The passed mapping doesn't contain the following field(s) of the schema: cfg_bc_eigenvector_max"
2026-01-05 14:47:40,898 ERROR hamilton.driver -------------------------------------------------------------------
Oh no an error! Need help with Hamilton?
Join our slack and ask for help! https://join.slack.com/t/hamilton-opensource/shared_invite/zt-2niepkra8-DGKGf_tTYhXuJWBTXtIs4g
-------------------------------------------------------------------

2026-01-05 14:47:40,899 ERROR codeintel.build.hamilton.executor build.hamilton.executor.error run_id=hamilton-019b8fa9a45c75f5aeeb457773178101
Traceback (most recent call last):
  File "pyarrow/table.pxi", line 6406, in pyarrow.lib._from_pydict
KeyError: 'cfg_bc_eigenvector_max'

During handling of the above exception, another exception occurred:

Traceback (most recent call last):
  File "pyarrow/table.pxi", line 6409, in pyarrow.lib._from_pydict
KeyError: b'cfg_bc_eigenvector_max'

During handling of the above exception, another exception occurred:

Traceback (most recent call last):
  File "/Users/paulheyse/CodeIntel/CodeIntel/src/codeintel/build/hamilton/executor.py", line 1896, in _execute_dag
    outputs = context.runtime.driver.execute(
        list(final_vars),
        inputs=input_mapping,
    )
  File "/Users/paulheyse/CodeIntel/CodeIntel/.venv/lib/python3.13/site-packages/hamilton/driver.py", line 663, in execute
    raise e
  File "/Users/paulheyse/CodeIntel/CodeIntel/.venv/lib/python3.13/site-packages/hamilton/driver.py", line 649, in execute
    outputs = self.__raw_execute(
        _final_vars, overrides, display_graph, inputs=inputs, _run_id=run_id
    )
  File "/Users/paulheyse/CodeIntel/CodeIntel/.venv/lib/python3.13/site-packages/hamilton/driver.py", line 860, in __raw_execute
    raise e
  File "/Users/paulheyse/CodeIntel/CodeIntel/.venv/lib/python3.13/site-packages/hamilton/driver.py", line 851, in __raw_execute
    results = self.graph_executor.execute(
        function_graph,
    ...<3 lines>...
        run_id,
    )
  File "/Users/paulheyse/CodeIntel/CodeIntel/.venv/lib/python3.13/site-packages/hamilton/driver.py", line 192, in execute
    fg.execute(nodes, memoized_computation, overrides, inputs, run_id=run_id)
    ~~~~~~~~~~^^^^^^^^^^^^^^^^^^^^^^^^^^^^^^^^^^^^^^^^^^^^^^^^^^^^^^^^^^^^^^^
  File "/Users/paulheyse/CodeIntel/CodeIntel/.venv/lib/python3.13/site-packages/hamilton/graph.py", line 1116, in execute
    return graph_functions.execute_subdag(
           ~~~~~~~~~~~~~~~~~~~~~~~~~~~~~~^
        nodes=nodes,
        ^^^^^^^^^^^^
    ...<4 lines>...
        run_id=run_id,
        ^^^^^^^^^^^^^^
    )
    ^
  File "/Users/paulheyse/CodeIntel/CodeIntel/.venv/lib/python3.13/site-packages/hamilton/execution/graph_functions.py", line 267, in execute_subdag
    dfs_traverse(final_var_node, dep_type)
    ~~~~~~~~~~~~^^^^^^^^^^^^^^^^^^^^^^^^^^
  File "/Users/paulheyse/CodeIntel/CodeIntel/.venv/lib/python3.13/site-packages/hamilton/execution/graph_functions.py", line 206, in dfs_traverse
    dfs_traverse(n, node_dependency_type)
    ~~~~~~~~~~~~^^^^^^^^^^^^^^^^^^^^^^^^^
  File "/Users/paulheyse/CodeIntel/CodeIntel/.venv/lib/python3.13/site-packages/hamilton/execution/graph_functions.py", line 206, in dfs_traverse
    dfs_traverse(n, node_dependency_type)
    ~~~~~~~~~~~~^^^^^^^^^^^^^^^^^^^^^^^^^
  File "/Users/paulheyse/CodeIntel/CodeIntel/.venv/lib/python3.13/site-packages/hamilton/execution/graph_functions.py", line 206, in dfs_traverse
    dfs_traverse(n, node_dependency_type)
    ~~~~~~~~~~~~^^^^^^^^^^^^^^^^^^^^^^^^^
  [Previous line repeated 5 more times]
  File "/Users/paulheyse/CodeIntel/CodeIntel/.venv/lib/python3.13/site-packages/hamilton/execution/graph_functions.py", line 239, in dfs_traverse
    result = execute_lifecycle_for_node_partial(**kwargs)
  File "/Users/paulheyse/CodeIntel/CodeIntel/.venv/lib/python3.13/site-packages/hamilton/execution/graph_functions.py", line 311, in execute_lifecycle_for_node
    result = __adapter.call_lifecycle_method_sync(
        "do_node_execute",
    ...<3 lines>...
        task_id=__task_id,
    )
  File "/Users/paulheyse/CodeIntel/CodeIntel/.venv/lib/python3.13/site-packages/hamilton/lifecycle/base.py", line 1079, in call_lifecycle_method_sync
    return getattr(adapter, method_name)(**kwargs)
           ~~~~~~~~~~~~~~~~~~~~~~~~~~~~~^^^^^^^^^^
  File "/Users/paulheyse/CodeIntel/CodeIntel/src/codeintel/build/hamilton/cache_adapter.py", line 302, in do_node_execute
    result = super().do_node_execute(
        run_id=run_id,
    ...<3 lines>...
        **future_kwargs,
    )
  File "/Users/paulheyse/CodeIntel/CodeIntel/.venv/lib/python3.13/site-packages/hamilton/caching/adapter.py", line 1275, in do_node_execute
    result = self._execute_node(
        run_id=run_id,
    ...<3 lines>...
        task_id=task_id,
    )
  File "/Users/paulheyse/CodeIntel/CodeIntel/.venv/lib/python3.13/site-packages/hamilton/caching/adapter.py", line 846, in _execute_node
    result = node_callable(**node_kwargs)
  File "/Users/paulheyse/CodeIntel/CodeIntel/src/codeintel/build/hamilton/native/analytics/cfg_dfg_metrics.py", line 408, in cfg_function_metrics__base
    return _rows_to_reader(
        cfg_dfg_metrics_analysis.cfg.fn_rows,
        CFG_FUNCTION_METRICS_TABLE_KEY,
    )
  File "/Users/paulheyse/CodeIntel/CodeIntel/src/codeintel/build/hamilton/native/analytics/cfg_dfg_metrics.py", line 140, in _rows_to_reader
    reader, _ = table_for_rows(table_key, rows)
                ~~~~~~~~~~~~~~^^^^^^^^^^^^^^^^^
  File "/Users/paulheyse/CodeIntel/CodeIntel/src/codeintel/core/columnar/rows.py", line 227, in table_for_rows
    return collector.to_table(), collector.row_count
           ~~~~~~~~~~~~~~~~~~^^
  File "/Users/paulheyse/CodeIntel/CodeIntel/src/codeintel/core/columnar/rows.py", line 107, in to_table
    self._flush()
    ~~~~~~~~~~~^^
  File "/Users/paulheyse/CodeIntel/CodeIntel/src/codeintel/core/columnar/rows.py", line 126, in _flush
    batch = pa.RecordBatch.from_pydict(self._buffer.data, schema=self.arrow_schema)
  File "pyarrow/table.pxi", line 1985, in pyarrow.lib._Tabular.from_pydict
  File "pyarrow/table.pxi", line 6413, in pyarrow.lib._from_pydict
KeyError: "The passed mapping doesn't contain the following field(s) of the schema: cfg_bc_eigenvector_max"
2026-01-05 14:47:43,985 WARNING codeintel.build.hamilton.diagnostics build.diagnostics.cache_view_failed run_id=hamilton-019b8fa9a45c75f5aeeb457773178101 error='hamilton-019b8fa9a45c75f5aeeb457773178101'
