2026-01-05 13:43:53,879 WARNING py.warnings /Users/paulheyse/CodeIntel/CodeIntel/.venv/lib/python3.13/site-packages/hamilton/graph_types.py:73: DeprecationWarning: ast.Str is deprecated and will be removed in Python 3.14; use ast.Constant instead
  if not hasattr(n.body[0], "value") or not isinstance(n.body[0].value, ast.Str):

2026-01-05 13:43:55,293 WARNING py.warnings /Users/paulheyse/CodeIntel/CodeIntel/.venv/lib/python3.13/site-packages/hamilton/io/utils.py:51: DeprecationWarning: datetime.datetime.utcnow() is deprecated and scheduled for removal in a future version. Use timezone-aware objects to represent datetimes in UTC: datetime.datetime.now(datetime.UTC).
  timestamp = datetime.now().utcnow().timestamp()

2026-01-05 13:44:00,607 WARNING codeintel.build.hamilton.native.ingestion.ingest_targets Config parse warning: Failed to parse config/mkdocs.yml
2026-01-05 13:44:00,608 WARNING codeintel.build.hamilton.native.ingestion.ingest_targets Config parse warning: Failed to parse .uv/cache/archive-v0/PF3PuIZ-jYDxEBRpjMkbi/markdown_it/port.yaml
2026-01-05 13:44:00,608 WARNING codeintel.build.hamilton.native.ingestion.ingest_targets Config parse warning: Failed to parse .uv/cache/archive-v0/u1TPF7g7VU5DysH2bCbj7/pycparser/_c_ast.cfg
2026-01-05 13:44:00,650 WARNING codeintel.build.graphs.engine.datasets Dataset snapshot missing for core.goids@b0d63122b2108be707cbb475b4b16b48a3222e00
2026-01-05 13:44:00,651 WARNING codeintel.build.graphs.engine.datasets Dataset snapshot missing for core.goids@b0d63122b2108be707cbb475b4b16b48a3222e00
2026-01-05 13:44:00,651 WARNING codeintel.build.graphs.engine.datasets Dataset snapshot missing for core.goids@b0d63122b2108be707cbb475b4b16b48a3222e00
2026-01-05 13:44:00,651 WARNING codeintel.build.graphs.engine.datasets Dataset snapshot missing for core.goids@b0d63122b2108be707cbb475b4b16b48a3222e00
2026-01-05 13:44:00,659 WARNING codeintel.build.graphs.engine.datasets Dataset snapshot missing for core.goids@b0d63122b2108be707cbb475b4b16b48a3222e00
2026-01-05 13:44:00,660 WARNING codeintel.build.graphs.engine.datasets Dataset columns missing: repo, commit (table=module: string
path: string
language: dictionary<values=string, indices=int32, ordered=0>
tags: list<element: string>
  child 0, element: string
owners: list<element: string>
  child 0, element: string
row_hash: string
-- schema metadata --
codeintel.table_key: 'core.modules'
codeintel.domain: 'core'
codeintel.target: 'modules'
codeintel.schema_hash: '0592124aeac8a9f7e6394bb6d3ca93f11825577c60a16674d' + 15
codeintel.schema_digest: '7184be2a17869a97c64312df2655ff9d4fe50f806c3fa43' + 17
codeintel.settings_fingerprint: 'd084197d240ab41f2f8aaf3f4fba09c61eddb74e' + 24
codeintel.columns_json: '{"commit":"VARCHAR","language":"VARCHAR","module' + 115
codeintel.nullability_json: '{"commit":true,"language":true,"module":fals' + 69
codeintel.primary_keys_json: '["module","path"]'
codeintel.partition_columns_json: '["repo","commit"]'
codeintel.build_id: 'full-019b8f65941b74bd8f421fa74e896d86'
codeintel.repo: 'github.com/paul-heyse/CodeIntel'
codeintel.commit: 'b0d63122b2108be707cbb475b4b16b48a3222e00'
codeintel.snapshot_id: 'b0d63122b2108be707cbb475b4b16b48a3222e00'
codeintel.generated_at: '2026-01-05T18:22:45.094726+00:00'
codeintel.hamilton.node: 'm__core__modules'
codeintel.hamilton.graph_version: '1'
codeintel.inputs_json: '[{"schema_hash":"a9f3e2aa045eeea7e23361593e0b0a1d' + 286)
2026-01-05 13:44:00,660 WARNING codeintel.build.graphs.validation.runner Skipping graph validation check missing_function_goids; missing Parquet tables: core.goids
2026-01-05 13:44:00,660 WARNING codeintel.build.graphs.validation.runner Skipping graph validation check orphan_modules; missing Parquet tables: core.goids
2026-01-05 13:44:00,660 WARNING codeintel.build.graphs.engine.datasets Dataset snapshot missing for core.py_sym_bindings@b0d63122b2108be707cbb475b4b16b48a3222e00
2026-01-05 13:44:00,660 WARNING codeintel.build.graphs.engine.datasets Dataset snapshot missing for core.py_sym_resolution_edges@b0d63122b2108be707cbb475b4b16b48a3222e00
2026-01-05 13:44:00,661 WARNING codeintel.build.graphs.engine.datasets Dataset snapshot missing for core.py_sym_scopes@b0d63122b2108be707cbb475b4b16b48a3222e00
2026-01-05 13:44:00,661 WARNING codeintel.build.graphs.engine.datasets Dataset snapshot missing for core.py_sym_function_partitions@b0d63122b2108be707cbb475b4b16b48a3222e00
2026-01-05 13:44:00,713 WARNING codeintel.build.graphs.validation.runner Validation: 2355 isolated call graph node(s) (sample: 19751646110714379590640200646220929101, 92306146526114269522597667026818410307, 93581988477636529712595513201496804357, 69876152337352686455951893966837688499, 76988780052053392962763211640057602746)
2026-01-05 13:44:00,718 WARNING codeintel.build.graphs.validation.runner Validation: 5 recursive call cluster(s) detected (largest size 31)
2026-01-05 13:44:00,720 WARNING codeintel.build.graphs.validation.runner Validation table missing: graph.import_graph_edges
2026-01-05 13:44:00,720 WARNING codeintel.build.graphs.validation.runner Validation table missing: graph.symbol_use_edges
2026-01-05 13:44:00,721 WARNING codeintel.build.graphs.engine.datasets Dataset columns missing: repo, commit (table=module: string
path: string
language: dictionary<values=string, indices=int32, ordered=0>
tags: list<element: string>
  child 0, element: string
owners: list<element: string>
  child 0, element: string
row_hash: string
-- schema metadata --
codeintel.table_key: 'core.modules'
codeintel.domain: 'core'
codeintel.target: 'modules'
codeintel.schema_hash: '0592124aeac8a9f7e6394bb6d3ca93f11825577c60a16674d' + 15
codeintel.schema_digest: '7184be2a17869a97c64312df2655ff9d4fe50f806c3fa43' + 17
codeintel.settings_fingerprint: 'd084197d240ab41f2f8aaf3f4fba09c61eddb74e' + 24
codeintel.columns_json: '{"commit":"VARCHAR","language":"VARCHAR","module' + 115
codeintel.nullability_json: '{"commit":true,"language":true,"module":fals' + 69
codeintel.primary_keys_json: '["module","path"]'
codeintel.partition_columns_json: '["repo","commit"]'
codeintel.build_id: 'full-019b8f65941b74bd8f421fa74e896d86'
codeintel.repo: 'github.com/paul-heyse/CodeIntel'
codeintel.commit: 'b0d63122b2108be707cbb475b4b16b48a3222e00'
codeintel.snapshot_id: 'b0d63122b2108be707cbb475b4b16b48a3222e00'
codeintel.generated_at: '2026-01-05T18:22:45.094726+00:00'
codeintel.hamilton.node: 'm__core__modules'
codeintel.hamilton.graph_version: '1'
codeintel.inputs_json: '[{"schema_hash":"a9f3e2aa045eeea7e23361593e0b0a1d' + 286)
2026-01-05 13:44:00,721 WARNING codeintel.build.graphs.validation.runner Skipping graph validation check symbol_communities; missing Parquet tables: analytics.symbol_graph_metrics_modules
2026-01-05 13:44:00,722 WARNING codeintel.build.graphs.validation.runner Skipping graph validation check subsystem_disagreement; missing Parquet tables: analytics.subsystem_agreement
2026-01-05 13:44:01,218 WARNING codeintel.build.hamilton.native.ingestion.ingest_targets Falling back to filesystem module scan after empty storage query.
