2026-01-05 11:16:11,020 WARNING py.warnings /Users/paulheyse/CodeIntel/CodeIntel/.venv/lib/python3.13/site-packages/hamilton/graph_types.py:73: DeprecationWarning: ast.Str is deprecated and will be removed in Python 3.14; use ast.Constant instead
  if not hasattr(n.body[0], "value") or not isinstance(n.body[0].value, ast.Str):

2026-01-05 11:16:12,272 WARNING hamilton.data_quality.base [m__ci_plan_entries:columnar_schema] validator failed. Message was: Columnar validation failed for ci.plan_entries. Diagnostic information is: {'errors': ['Column run_id contains nulls but is non-nullable', 'Column created_at_utc contains nulls but is non-nullable', 'Column requested_targets contains nulls but is non-nullable', 'Column target contains nulls but is non-nullable', 'Column domain contains nulls but is non-nullable', 'Column action contains nulls but is non-nullable', 'Column build_fingerprint contains nulls but is non-nullable', 'Column plan_schema_version contains nulls but is non-nullable'], 'table_key': 'ci.plan_entries'}.
2026-01-05 11:16:12,277 WARNING py.warnings /Users/paulheyse/CodeIntel/CodeIntel/.venv/lib/python3.13/site-packages/hamilton/io/utils.py:51: DeprecationWarning: datetime.datetime.utcnow() is deprecated and scheduled for removal in a future version. Use timezone-aware objects to represent datetimes in UTC: datetime.datetime.now(datetime.UTC).
  timestamp = datetime.now().utcnow().timestamp()

2026-01-05 11:16:12,296 WARNING codeintel.build.hamilton.materializers.arrow_dataset_saver build.schema.contract_alignment_failed table_key=ci.plan_entries extras_policy=reject error=Unable to merge: Field run_id has incompatible types: string vs string_view
2026-01-05 11:16:18,132 WARNING codeintel.build.hamilton.native.ingestion.ingest_targets Config parse warning: Failed to parse config/mkdocs.yml
2026-01-05 11:16:18,132 WARNING codeintel.build.hamilton.native.ingestion.ingest_targets Config parse warning: Failed to parse .uv/cache/archive-v0/PF3PuIZ-jYDxEBRpjMkbi/markdown_it/port.yaml
2026-01-05 11:16:18,132 WARNING codeintel.build.hamilton.native.ingestion.ingest_targets Config parse warning: Failed to parse .uv/cache/archive-v0/u1TPF7g7VU5DysH2bCbj7/pycparser/_c_ast.cfg
2026-01-05 11:16:18,197 WARNING codeintel.build.graphs.engine.datasets Dataset snapshot missing for core.goids@b0d63122b2108be707cbb475b4b16b48a3222e00
2026-01-05 11:16:18,197 WARNING codeintel.build.graphs.engine.datasets Dataset snapshot missing for core.goids@b0d63122b2108be707cbb475b4b16b48a3222e00
2026-01-05 11:16:18,197 WARNING codeintel.build.graphs.engine.datasets Dataset snapshot missing for core.goids@b0d63122b2108be707cbb475b4b16b48a3222e00
2026-01-05 11:16:18,198 WARNING codeintel.build.graphs.engine.datasets Dataset snapshot missing for core.goids@b0d63122b2108be707cbb475b4b16b48a3222e00
2026-01-05 11:16:18,216 WARNING codeintel.build.graphs.engine.datasets Dataset snapshot missing for core.goids@b0d63122b2108be707cbb475b4b16b48a3222e00
2026-01-05 11:16:18,223 WARNING codeintel.build.graphs.engine.datasets Dataset columns missing: repo, commit (table=module: string
path: string
language: dictionary<values=string, indices=int32, ordered=0>
tags: list<element: string>
  child 0, element: string
owners: list<element: string>
  child 0, element: string
row_hash: string
-- schema metadata --
codeintel.table_key: 'core.modules'
codeintel.domain: 'core'
codeintel.target: 'modules'
codeintel.schema_hash: '0592124aeac8a9f7e6394bb6d3ca93f11825577c60a16674d' + 15
codeintel.schema_digest: '7184be2a17869a97c64312df2655ff9d4fe50f806c3fa43' + 17
codeintel.settings_fingerprint: 'd084197d240ab41f2f8aaf3f4fba09c61eddb74e' + 24
codeintel.columns_json: '{"commit":"VARCHAR","language":"VARCHAR","module' + 115
codeintel.nullability_json: '{"commit":true,"language":true,"module":fals' + 69
codeintel.primary_keys_json: '["module","path"]'
codeintel.partition_columns_json: '["repo","commit"]'
codeintel.build_id: 'full-019b8ed86e2270ff9fd4cb12f3fdb58e'
codeintel.repo: 'github.com/paul-heyse/CodeIntel'
codeintel.commit: 'b0d63122b2108be707cbb475b4b16b48a3222e00'
codeintel.snapshot_id: 'b0d63122b2108be707cbb475b4b16b48a3222e00'
codeintel.generated_at: '2026-01-05T15:48:35.374698+00:00'
codeintel.hamilton.node: 'm__core__modules'
codeintel.hamilton.graph_version: '1'
codeintel.inputs_json: '[{"schema_hash":"a9f3e2aa045eeea7e23361593e0b0a1d' + 286)
2026-01-05 11:16:18,224 WARNING codeintel.build.graphs.validation.runner Skipping graph validation check missing_function_goids; missing Parquet tables: core.goids
2026-01-05 11:16:18,225 WARNING codeintel.build.graphs.validation.runner Skipping graph validation check orphan_modules; missing Parquet tables: core.goids
2026-01-05 11:16:18,226 WARNING codeintel.build.graphs.engine.datasets Dataset snapshot missing for core.py_sym_bindings@b0d63122b2108be707cbb475b4b16b48a3222e00
2026-01-05 11:16:18,226 WARNING codeintel.build.graphs.engine.datasets Dataset snapshot missing for core.py_sym_resolution_edges@b0d63122b2108be707cbb475b4b16b48a3222e00
2026-01-05 11:16:18,226 WARNING codeintel.build.graphs.engine.datasets Dataset snapshot missing for core.py_sym_scopes@b0d63122b2108be707cbb475b4b16b48a3222e00
2026-01-05 11:16:18,226 WARNING codeintel.build.graphs.engine.datasets Dataset snapshot missing for core.py_sym_function_partitions@b0d63122b2108be707cbb475b4b16b48a3222e00
2026-01-05 11:16:18,243 WARNING codeintel.build.graphs.engine.datasets Dataset snapshot missing for graph.cpg_edges@b0d63122b2108be707cbb475b4b16b48a3222e00
2026-01-05 11:16:18,250 WARNING codeintel.build.graphs.engine.datasets Dataset snapshot missing for graph.cpg_edges@b0d63122b2108be707cbb475b4b16b48a3222e00
2026-01-05 11:16:18,255 WARNING codeintel.build.graphs.engine.datasets Dataset snapshot missing for graph.cpg_edges@b0d63122b2108be707cbb475b4b16b48a3222e00
2026-01-05 11:16:18,259 WARNING codeintel.build.graphs.engine.datasets Dataset snapshot missing for graph.cpg_edges@b0d63122b2108be707cbb475b4b16b48a3222e00
2026-01-05 11:16:18,310 WARNING codeintel.build.graphs.validation.runner Validation: 5291 isolated call graph node(s) (sample: 19751646110714379590640200646220929101, 83684544455235090430523016725647810799, 86635196166339257481109026648245154545, 26507160163807980576934072306330799377, 23303593459856433212132722533988652297)
2026-01-05 11:16:18,318 WARNING codeintel.build.graphs.validation.runner Validation table missing: graph.import_graph_edges
2026-01-05 11:16:18,318 WARNING codeintel.build.graphs.validation.runner Validation table missing: graph.symbol_use_edges
2026-01-05 11:16:18,320 WARNING codeintel.build.graphs.engine.datasets Dataset columns missing: repo, commit (table=module: string
path: string
language: dictionary<values=string, indices=int32, ordered=0>
tags: list<element: string>
  child 0, element: string
owners: list<element: string>
  child 0, element: string
row_hash: string
-- schema metadata --
codeintel.table_key: 'core.modules'
codeintel.domain: 'core'
codeintel.target: 'modules'
codeintel.schema_hash: '0592124aeac8a9f7e6394bb6d3ca93f11825577c60a16674d' + 15
codeintel.schema_digest: '7184be2a17869a97c64312df2655ff9d4fe50f806c3fa43' + 17
codeintel.settings_fingerprint: 'd084197d240ab41f2f8aaf3f4fba09c61eddb74e' + 24
codeintel.columns_json: '{"commit":"VARCHAR","language":"VARCHAR","module' + 115
codeintel.nullability_json: '{"commit":true,"language":true,"module":fals' + 69
codeintel.primary_keys_json: '["module","path"]'
codeintel.partition_columns_json: '["repo","commit"]'
codeintel.build_id: 'full-019b8ed86e2270ff9fd4cb12f3fdb58e'
codeintel.repo: 'github.com/paul-heyse/CodeIntel'
codeintel.commit: 'b0d63122b2108be707cbb475b4b16b48a3222e00'
codeintel.snapshot_id: 'b0d63122b2108be707cbb475b4b16b48a3222e00'
codeintel.generated_at: '2026-01-05T15:48:35.374698+00:00'
codeintel.hamilton.node: 'm__core__modules'
codeintel.hamilton.graph_version: '1'
codeintel.inputs_json: '[{"schema_hash":"a9f3e2aa045eeea7e23361593e0b0a1d' + 286)
2026-01-05 11:16:18,321 WARNING codeintel.build.graphs.validation.runner Skipping graph validation check symbol_communities; missing Parquet tables: analytics.symbol_graph_metrics_modules
2026-01-05 11:16:18,321 WARNING codeintel.build.graphs.validation.runner Skipping graph validation check subsystem_disagreement; missing Parquet tables: analytics.subsystem_agreement
2026-01-05 11:16:18,760 WARNING codeintel.build.hamilton.native.ingestion.ingest_targets Falling back to filesystem module scan after empty storage query.
2026-01-05 11:16:29,560 WARNING hamilton.data_quality.base [bytecode__compiler_meta_rows:columnar_schema] validator failed. Message was: Columnar validation failed for core.py_compiler_metadata. Diagnostic information is: {'errors': ['Column repo contains nulls but is non-nullable', 'Column commit contains nulls but is non-nullable', 'Column run_id contains nulls but is non-nullable'], 'table_key': 'core.py_compiler_metadata'}.
2026-01-05 11:16:29,585 WARNING hamilton.data_quality.base [bytecode__code_unit_rows:columnar_schema] validator failed. Message was: Columnar validation failed for core.py_bc_code_units. Diagnostic information is: {'errors': ['Column repo contains nulls but is non-nullable', 'Column commit contains nulls but is non-nullable', 'Column rel_path contains nulls but is non-nullable', 'Column code_unit_id contains nulls but is non-nullable'], 'table_key': 'core.py_bc_code_units'}.
2026-01-05 11:16:29,611 WARNING hamilton.data_quality.base [bytecode__instruction_rows:columnar_schema] validator failed. Message was: Columnar validation failed for core.py_bc_instructions. Diagnostic information is: {'errors': ['Column repo contains nulls but is non-nullable', 'Column commit contains nulls but is non-nullable', 'Column rel_path contains nulls but is non-nullable', 'Column code_unit_id contains nulls but is non-nullable', 'Column instr_id contains nulls but is non-nullable'], 'table_key': 'core.py_bc_instructions'}.
2026-01-05 11:16:29,635 WARNING hamilton.data_quality.base [bytecode__exception_rows:columnar_schema] validator failed. Message was: Columnar validation failed for core.py_bc_exception_table. Diagnostic information is: {'errors': ['Column repo contains nulls but is non-nullable', 'Column commit contains nulls but is non-nullable', 'Column rel_path contains nulls but is non-nullable', 'Column code_unit_id contains nulls but is non-nullable', 'Column exc_entry_index contains nulls but is non-nullable'], 'table_key': 'core.py_bc_exception_table'}.
2026-01-05 11:16:29,671 WARNING hamilton.data_quality.base [bytecode__block_rows:columnar_schema] validator failed. Message was: Columnar validation failed for core.py_bc_blocks. Diagnostic information is: {'errors': ['Column repo contains nulls but is non-nullable', 'Column commit contains nulls but is non-nullable', 'Column rel_path contains nulls but is non-nullable', 'Column block_id contains nulls but is non-nullable', 'Column code_unit_id contains nulls but is non-nullable'], 'table_key': 'core.py_bc_blocks'}.
2026-01-05 11:16:29,724 WARNING hamilton.data_quality.base [bytecode__cfg_edge_rows:columnar_schema] validator failed. Message was: Columnar validation failed for core.py_bc_cfg_edges. Diagnostic information is: {'errors': ['Column repo contains nulls but is non-nullable', 'Column commit contains nulls but is non-nullable', 'Column rel_path contains nulls but is non-nullable', 'Column edge_id contains nulls but is non-nullable', 'Column code_unit_id contains nulls but is non-nullable', 'Column src_block_id contains nulls but is non-nullable', 'Column dst_block_id contains nulls but is non-nullable', 'Column kind contains nulls but is non-nullable'], 'table_key': 'core.py_bc_cfg_edges'}.
2026-01-05 11:16:29,753 WARNING hamilton.data_quality.base [bytecode__defuse_event_rows:columnar_schema] validator failed. Message was: Columnar validation failed for core.py_bc_defuse_events. Diagnostic information is: {'errors': ['Column repo contains nulls but is non-nullable', 'Column commit contains nulls but is non-nullable', 'Column rel_path contains nulls but is non-nullable', 'Column event_id contains nulls but is non-nullable', 'Column code_unit_id contains nulls but is non-nullable', 'Column instr_id contains nulls but is non-nullable', 'Column event_kind contains nulls but is non-nullable'], 'table_key': 'core.py_bc_defuse_events'}.
