2026-01-05 12:05:17,878 WARNING py.warnings /Users/paulheyse/CodeIntel/CodeIntel/.venv/lib/python3.13/site-packages/hamilton/graph_types.py:73: DeprecationWarning: ast.Str is deprecated and will be removed in Python 3.14; use ast.Constant instead
  if not hasattr(n.body[0], "value") or not isinstance(n.body[0].value, ast.Str):

2026-01-05 12:05:19,007 WARNING py.warnings /Users/paulheyse/CodeIntel/CodeIntel/.venv/lib/python3.13/site-packages/hamilton/io/utils.py:51: DeprecationWarning: datetime.datetime.utcnow() is deprecated and scheduled for removal in a future version. Use timezone-aware objects to represent datetimes in UTC: datetime.datetime.now(datetime.UTC).
  timestamp = datetime.now().utcnow().timestamp()

2026-01-05 12:05:24,330 WARNING codeintel.build.hamilton.native.ingestion.ingest_targets Config parse warning: Failed to parse config/mkdocs.yml
2026-01-05 12:05:24,330 WARNING codeintel.build.hamilton.native.ingestion.ingest_targets Config parse warning: Failed to parse .uv/cache/archive-v0/PF3PuIZ-jYDxEBRpjMkbi/markdown_it/port.yaml
2026-01-05 12:05:24,330 WARNING codeintel.build.hamilton.native.ingestion.ingest_targets Config parse warning: Failed to parse .uv/cache/archive-v0/u1TPF7g7VU5DysH2bCbj7/pycparser/_c_ast.cfg
2026-01-05 12:05:24,352 WARNING codeintel.build.graphs.engine.datasets Dataset snapshot missing for core.goids@b0d63122b2108be707cbb475b4b16b48a3222e00
2026-01-05 12:05:24,352 WARNING codeintel.build.graphs.engine.datasets Dataset snapshot missing for core.goids@b0d63122b2108be707cbb475b4b16b48a3222e00
2026-01-05 12:05:24,352 WARNING codeintel.build.graphs.engine.datasets Dataset snapshot missing for core.goids@b0d63122b2108be707cbb475b4b16b48a3222e00
2026-01-05 12:05:24,352 WARNING codeintel.build.graphs.engine.datasets Dataset snapshot missing for core.goids@b0d63122b2108be707cbb475b4b16b48a3222e00
2026-01-05 12:05:24,355 WARNING codeintel.build.graphs.engine.datasets Dataset snapshot missing for core.goids@b0d63122b2108be707cbb475b4b16b48a3222e00
2026-01-05 12:05:24,356 WARNING codeintel.build.graphs.engine.datasets Dataset columns missing: repo, commit (table=module: string
path: string
language: dictionary<values=string, indices=int32, ordered=0>
tags: list<element: string>
  child 0, element: string
owners: list<element: string>
  child 0, element: string
row_hash: string
-- schema metadata --
codeintel.table_key: 'core.modules'
codeintel.domain: 'core'
codeintel.target: 'modules'
codeintel.schema_hash: '0592124aeac8a9f7e6394bb6d3ca93f11825577c60a16674d' + 15
codeintel.schema_digest: '7184be2a17869a97c64312df2655ff9d4fe50f806c3fa43' + 17
codeintel.settings_fingerprint: 'd084197d240ab41f2f8aaf3f4fba09c61eddb74e' + 24
codeintel.columns_json: '{"commit":"VARCHAR","language":"VARCHAR","module' + 115
codeintel.nullability_json: '{"commit":true,"language":true,"module":fals' + 69
codeintel.primary_keys_json: '["module","path"]'
codeintel.partition_columns_json: '["repo","commit"]'
codeintel.build_id: 'full-019b8f16df3b75668dbdda1544c7ca02'
codeintel.repo: 'github.com/paul-heyse/CodeIntel'
codeintel.commit: 'b0d63122b2108be707cbb475b4b16b48a3222e00'
codeintel.snapshot_id: 'b0d63122b2108be707cbb475b4b16b48a3222e00'
codeintel.generated_at: '2026-01-05T16:56:46.739547+00:00'
codeintel.hamilton.node: 'm__core__modules'
codeintel.hamilton.graph_version: '1'
codeintel.inputs_json: '[{"schema_hash":"a9f3e2aa045eeea7e23361593e0b0a1d' + 286)
2026-01-05 12:05:24,356 WARNING codeintel.build.graphs.validation.runner Skipping graph validation check missing_function_goids; missing Parquet tables: core.goids
2026-01-05 12:05:24,356 WARNING codeintel.build.graphs.validation.runner Skipping graph validation check orphan_modules; missing Parquet tables: core.goids
2026-01-05 12:05:24,356 WARNING codeintel.build.graphs.engine.datasets Dataset snapshot missing for core.py_sym_bindings@b0d63122b2108be707cbb475b4b16b48a3222e00
2026-01-05 12:05:24,356 WARNING codeintel.build.graphs.engine.datasets Dataset snapshot missing for core.py_sym_resolution_edges@b0d63122b2108be707cbb475b4b16b48a3222e00
2026-01-05 12:05:24,356 WARNING codeintel.build.graphs.engine.datasets Dataset snapshot missing for core.py_sym_scopes@b0d63122b2108be707cbb475b4b16b48a3222e00
2026-01-05 12:05:24,356 WARNING codeintel.build.graphs.engine.datasets Dataset snapshot missing for core.py_sym_function_partitions@b0d63122b2108be707cbb475b4b16b48a3222e00
2026-01-05 12:05:24,361 WARNING codeintel.build.graphs.engine.datasets Dataset snapshot missing for graph.cpg_edges@b0d63122b2108be707cbb475b4b16b48a3222e00
2026-01-05 12:05:24,362 WARNING codeintel.build.graphs.engine.datasets Dataset snapshot missing for graph.cpg_edges@b0d63122b2108be707cbb475b4b16b48a3222e00
2026-01-05 12:05:24,363 WARNING codeintel.build.graphs.engine.datasets Dataset snapshot missing for graph.cpg_edges@b0d63122b2108be707cbb475b4b16b48a3222e00
2026-01-05 12:05:24,364 WARNING codeintel.build.graphs.engine.datasets Dataset snapshot missing for graph.cpg_edges@b0d63122b2108be707cbb475b4b16b48a3222e00
2026-01-05 12:05:24,392 WARNING codeintel.build.graphs.validation.runner Validation: 2355 isolated call graph node(s) (sample: 19751646110714379590640200646220929101, 92306146526114269522597667026818410307, 93581988477636529712595513201496804357, 69876152337352686455951893966837688499, 76988780052053392962763211640057602746)
2026-01-05 12:05:24,397 WARNING codeintel.build.graphs.validation.runner Validation: 5 recursive call cluster(s) detected (largest size 31)
2026-01-05 12:05:24,398 WARNING codeintel.build.graphs.validation.runner Validation table missing: graph.import_graph_edges
2026-01-05 12:05:24,398 WARNING codeintel.build.graphs.validation.runner Validation table missing: graph.symbol_use_edges
2026-01-05 12:05:24,400 WARNING codeintel.build.graphs.engine.datasets Dataset columns missing: repo, commit (table=module: string
path: string
language: dictionary<values=string, indices=int32, ordered=0>
tags: list<element: string>
  child 0, element: string
owners: list<element: string>
  child 0, element: string
row_hash: string
-- schema metadata --
codeintel.table_key: 'core.modules'
codeintel.domain: 'core'
codeintel.target: 'modules'
codeintel.schema_hash: '0592124aeac8a9f7e6394bb6d3ca93f11825577c60a16674d' + 15
codeintel.schema_digest: '7184be2a17869a97c64312df2655ff9d4fe50f806c3fa43' + 17
codeintel.settings_fingerprint: 'd084197d240ab41f2f8aaf3f4fba09c61eddb74e' + 24
codeintel.columns_json: '{"commit":"VARCHAR","language":"VARCHAR","module' + 115
codeintel.nullability_json: '{"commit":true,"language":true,"module":fals' + 69
codeintel.primary_keys_json: '["module","path"]'
codeintel.partition_columns_json: '["repo","commit"]'
codeintel.build_id: 'full-019b8f16df3b75668dbdda1544c7ca02'
codeintel.repo: 'github.com/paul-heyse/CodeIntel'
codeintel.commit: 'b0d63122b2108be707cbb475b4b16b48a3222e00'
codeintel.snapshot_id: 'b0d63122b2108be707cbb475b4b16b48a3222e00'
codeintel.generated_at: '2026-01-05T16:56:46.739547+00:00'
codeintel.hamilton.node: 'm__core__modules'
codeintel.hamilton.graph_version: '1'
codeintel.inputs_json: '[{"schema_hash":"a9f3e2aa045eeea7e23361593e0b0a1d' + 286)
2026-01-05 12:05:24,400 WARNING codeintel.build.graphs.validation.runner Skipping graph validation check symbol_communities; missing Parquet tables: analytics.symbol_graph_metrics_modules
2026-01-05 12:05:24,400 WARNING codeintel.build.graphs.validation.runner Skipping graph validation check subsystem_disagreement; missing Parquet tables: analytics.subsystem_agreement
2026-01-05 12:05:24,763 WARNING codeintel.build.hamilton.native.ingestion.ingest_targets Falling back to filesystem module scan after empty storage query.
2026-01-05 12:14:47,357 ERROR hamilton.execution.graph_functions 
********************************************************************************
> cpg_call_targets [codeintel.build.hamilton.native.graphs.call_wiring.cpg_call_targets()] encountered an error<
> Node inputs:
{'q__core__scip_occurrence_span_xref': 'pyarrow.Table\n'
                                       'repo: string\n'
                                       'commit: string\n'
                                       'rel_path...',
 'q__core__syntax_calls': 'pyarrow.Table\n'
                          'repo: string not null\n'
                          'commit: string...',
 'q__core__syntax_defs_resolved': 'pyarrow.Table\n'
                                  'repo: string\n'
                                  'commit: string\n'
                                  'rel_path...',
 'q__core__syntax_nodes': 'pyarrow.Table\n'
                          'repo: string not null\n'
                          'commit: string...',
 'q__graph__cfg_blocks': 'pyarrow.Table\n'
                         'function_goid_h128: decimal128(38, 0...'}
********************************************************************************
Traceback (most recent call last):
  File "/Users/paulheyse/CodeIntel/CodeIntel/.venv/lib/python3.13/site-packages/hamilton/execution/graph_functions.py", line 311, in execute_lifecycle_for_node
    result = __adapter.call_lifecycle_method_sync(
        "do_node_execute",
    ...<3 lines>...
        task_id=__task_id,
    )
  File "/Users/paulheyse/CodeIntel/CodeIntel/.venv/lib/python3.13/site-packages/hamilton/lifecycle/base.py", line 1079, in call_lifecycle_method_sync
    return getattr(adapter, method_name)(**kwargs)
           ~~~~~~~~~~~~~~~~~~~~~~~~~~~~~^^^^^^^^^^
  File "/Users/paulheyse/CodeIntel/CodeIntel/src/codeintel/build/hamilton/cache_adapter.py", line 302, in do_node_execute
    result = super().do_node_execute(
        run_id=run_id,
    ...<3 lines>...
        **future_kwargs,
    )
  File "/Users/paulheyse/CodeIntel/CodeIntel/.venv/lib/python3.13/site-packages/hamilton/caching/adapter.py", line 1275, in do_node_execute
    result = self._execute_node(
        run_id=run_id,
    ...<3 lines>...
        task_id=task_id,
    )
  File "/Users/paulheyse/CodeIntel/CodeIntel/.venv/lib/python3.13/site-packages/hamilton/caching/adapter.py", line 846, in _execute_node
    result = node_callable(**node_kwargs)
  File "/Users/paulheyse/CodeIntel/CodeIntel/src/codeintel/build/hamilton/native/graphs/call_wiring.py", line 1933, in cpg_call_targets
    joined = arrow_join_tables(
        targets_table,
    ...<6 lines>...
        ),
    )
  File "/Users/paulheyse/CodeIntel/CodeIntel/src/codeintel/build/tabular/arrow_ops.py", line 598, in arrow_join_tables
    return left.join(
           ~~~~~~~~~^
        right,
        ^^^^^^
    ...<5 lines>...
        coalesce_keys=spec.coalesce_keys,
        ^^^^^^^^^^^^^^^^^^^^^^^^^^^^^^^^^
    )
    ^
  File "pyarrow/table.pxi", line 5766, in pyarrow.lib.Table.join
  File "/Users/paulheyse/CodeIntel/CodeIntel/.venv/lib/python3.13/site-packages/pyarrow/acero.py", line 253, in _perform_join
    result_table = decl.to_table(use_threads=use_threads)
  File "pyarrow/_acero.pyx", line 592, in pyarrow._acero.Declaration.to_table
  File "pyarrow/error.pxi", line 155, in pyarrow.lib.pyarrow_internal_check_status
  File "pyarrow/error.pxi", line 92, in pyarrow.lib.check_status
pyarrow.lib.ArrowInvalid: Data type null is not supported in join key field
2026-01-05 12:14:47,365 ERROR codeintel.build.hamilton.hooks.telemetry_hook build.node.error run_id=hamilton-019b8f1ec60a7325bceeaaea96c74feb node_name=cpg_call_targets target=None table_key=None exception_type=ArrowInvalid error=Data type null is not supported in join key field
2026-01-05 12:14:47,365 ERROR hamilton.driver -------------------------------------------------------------------
Oh no an error! Need help with Hamilton?
Join our slack and ask for help! https://join.slack.com/t/hamilton-opensource/shared_invite/zt-2niepkra8-DGKGf_tTYhXuJWBTXtIs4g
-------------------------------------------------------------------

2026-01-05 12:14:47,366 ERROR codeintel.build.hamilton.executor build.hamilton.executor.error run_id=hamilton-019b8f1ec60a7325bceeaaea96c74feb
Traceback (most recent call last):
  File "/Users/paulheyse/CodeIntel/CodeIntel/src/codeintel/build/hamilton/executor.py", line 1896, in _execute_dag
    outputs = context.runtime.driver.execute(
        list(final_vars),
        inputs=input_mapping,
    )
  File "/Users/paulheyse/CodeIntel/CodeIntel/.venv/lib/python3.13/site-packages/hamilton/driver.py", line 663, in execute
    raise e
  File "/Users/paulheyse/CodeIntel/CodeIntel/.venv/lib/python3.13/site-packages/hamilton/driver.py", line 649, in execute
    outputs = self.__raw_execute(
        _final_vars, overrides, display_graph, inputs=inputs, _run_id=run_id
    )
  File "/Users/paulheyse/CodeIntel/CodeIntel/.venv/lib/python3.13/site-packages/hamilton/driver.py", line 860, in __raw_execute
    raise e
  File "/Users/paulheyse/CodeIntel/CodeIntel/.venv/lib/python3.13/site-packages/hamilton/driver.py", line 851, in __raw_execute
    results = self.graph_executor.execute(
        function_graph,
    ...<3 lines>...
        run_id,
    )
  File "/Users/paulheyse/CodeIntel/CodeIntel/.venv/lib/python3.13/site-packages/hamilton/driver.py", line 192, in execute
    fg.execute(nodes, memoized_computation, overrides, inputs, run_id=run_id)
    ~~~~~~~~~~^^^^^^^^^^^^^^^^^^^^^^^^^^^^^^^^^^^^^^^^^^^^^^^^^^^^^^^^^^^^^^^
  File "/Users/paulheyse/CodeIntel/CodeIntel/.venv/lib/python3.13/site-packages/hamilton/graph.py", line 1116, in execute
    return graph_functions.execute_subdag(
           ~~~~~~~~~~~~~~~~~~~~~~~~~~~~~~^
        nodes=nodes,
        ^^^^^^^^^^^^
    ...<4 lines>...
        run_id=run_id,
        ^^^^^^^^^^^^^^
    )
    ^
  File "/Users/paulheyse/CodeIntel/CodeIntel/.venv/lib/python3.13/site-packages/hamilton/execution/graph_functions.py", line 267, in execute_subdag
    dfs_traverse(final_var_node, dep_type)
    ~~~~~~~~~~~~^^^^^^^^^^^^^^^^^^^^^^^^^^
  File "/Users/paulheyse/CodeIntel/CodeIntel/.venv/lib/python3.13/site-packages/hamilton/execution/graph_functions.py", line 206, in dfs_traverse
    dfs_traverse(n, node_dependency_type)
    ~~~~~~~~~~~~^^^^^^^^^^^^^^^^^^^^^^^^^
  File "/Users/paulheyse/CodeIntel/CodeIntel/.venv/lib/python3.13/site-packages/hamilton/execution/graph_functions.py", line 206, in dfs_traverse
    dfs_traverse(n, node_dependency_type)
    ~~~~~~~~~~~~^^^^^^^^^^^^^^^^^^^^^^^^^
  File "/Users/paulheyse/CodeIntel/CodeIntel/.venv/lib/python3.13/site-packages/hamilton/execution/graph_functions.py", line 206, in dfs_traverse
    dfs_traverse(n, node_dependency_type)
    ~~~~~~~~~~~~^^^^^^^^^^^^^^^^^^^^^^^^^
  [Previous line repeated 2 more times]
  File "/Users/paulheyse/CodeIntel/CodeIntel/.venv/lib/python3.13/site-packages/hamilton/execution/graph_functions.py", line 239, in dfs_traverse
    result = execute_lifecycle_for_node_partial(**kwargs)
  File "/Users/paulheyse/CodeIntel/CodeIntel/.venv/lib/python3.13/site-packages/hamilton/execution/graph_functions.py", line 311, in execute_lifecycle_for_node
    result = __adapter.call_lifecycle_method_sync(
        "do_node_execute",
    ...<3 lines>...
        task_id=__task_id,
    )
  File "/Users/paulheyse/CodeIntel/CodeIntel/.venv/lib/python3.13/site-packages/hamilton/lifecycle/base.py", line 1079, in call_lifecycle_method_sync
    return getattr(adapter, method_name)(**kwargs)
           ~~~~~~~~~~~~~~~~~~~~~~~~~~~~~^^^^^^^^^^
  File "/Users/paulheyse/CodeIntel/CodeIntel/src/codeintel/build/hamilton/cache_adapter.py", line 302, in do_node_execute
    result = super().do_node_execute(
        run_id=run_id,
    ...<3 lines>...
        **future_kwargs,
    )
  File "/Users/paulheyse/CodeIntel/CodeIntel/.venv/lib/python3.13/site-packages/hamilton/caching/adapter.py", line 1275, in do_node_execute
    result = self._execute_node(
        run_id=run_id,
    ...<3 lines>...
        task_id=task_id,
    )
  File "/Users/paulheyse/CodeIntel/CodeIntel/.venv/lib/python3.13/site-packages/hamilton/caching/adapter.py", line 846, in _execute_node
    result = node_callable(**node_kwargs)
  File "/Users/paulheyse/CodeIntel/CodeIntel/src/codeintel/build/hamilton/native/graphs/call_wiring.py", line 1933, in cpg_call_targets
    joined = arrow_join_tables(
        targets_table,
    ...<6 lines>...
        ),
    )
  File "/Users/paulheyse/CodeIntel/CodeIntel/src/codeintel/build/tabular/arrow_ops.py", line 598, in arrow_join_tables
    return left.join(
           ~~~~~~~~~^
        right,
        ^^^^^^
    ...<5 lines>...
        coalesce_keys=spec.coalesce_keys,
        ^^^^^^^^^^^^^^^^^^^^^^^^^^^^^^^^^
    )
    ^
  File "pyarrow/table.pxi", line 5766, in pyarrow.lib.Table.join
  File "/Users/paulheyse/CodeIntel/CodeIntel/.venv/lib/python3.13/site-packages/pyarrow/acero.py", line 253, in _perform_join
    result_table = decl.to_table(use_threads=use_threads)
  File "pyarrow/_acero.pyx", line 592, in pyarrow._acero.Declaration.to_table
  File "pyarrow/error.pxi", line 155, in pyarrow.lib.pyarrow_internal_check_status
  File "pyarrow/error.pxi", line 92, in pyarrow.lib.check_status
pyarrow.lib.ArrowInvalid: Data type null is not supported in join key field
2026-01-05 12:14:49,725 WARNING codeintel.build.hamilton.diagnostics build.diagnostics.cache_view_failed run_id=hamilton-019b8f1ec60a7325bceeaaea96c74feb error='hamilton-019b8f1ec60a7325bceeaaea96c74feb'
